[2026-02-02 15:52:09] [INFO] ========================================
[2026-02-02 15:52:09] [INFO]   Screenshot Auto Backup v4.0
[2026-02-02 15:52:09] [INFO] ========================================
[2026-02-02 15:52:09] [INFO] Source: C:\Users\21518\Pictures\Screenshots
[2026-02-02 15:52:09] [INFO] Target: C:\Users\21518\Desktop\lysh\scripts\..\screenshot
[2026-02-02 15:52:09] [INFO] Mode: Real-time FileSystemWatcher
[2026-02-02 15:52:09] [INFO] 
[2026-02-02 15:52:09] [INFO] [Init] Creating FileSystemWatcher...
[2026-02-02 15:52:09] [SUCCESS] [Running] Monitoring started. Waiting for new screenshots...
[2026-02-02 15:52:09] [INFO] [Running] Press Ctrl+C to stop
[2026-02-02 15:52:09] [INFO] 
[2026-02-02 15:52:30] [SUCCESS] [2026-02-02 15:52:29] Copied: Screenshot 2026-02-02 155228.png -> Screenshot 2026-02-02 155228.png
[2026-02-02 15:55:52] [INFO] ========================================
[2026-02-02 15:55:52] [INFO]   Screenshot Auto Backup v4.0
[2026-02-02 15:55:52] [INFO] ========================================
[2026-02-02 15:55:52] [INFO] Source: C:\Users\21518\Pictures\Screenshots
[2026-02-02 15:55:52] [INFO] Target: C:\Users\21518\Desktop\lysh\scripts\..\screenshot
[2026-02-02 15:55:52] [INFO] Mode: Real-time FileSystemWatcher
[2026-02-02 15:55:52] [INFO] 
[2026-02-02 15:55:52] [INFO] [Init] Creating FileSystemWatcher...
[2026-02-02 15:55:52] [SUCCESS] [Running] Monitoring started. Waiting for new screenshots...
[2026-02-02 15:55:52] [INFO] [Running] Press Ctrl+C to stop
[2026-02-02 15:55:52] [INFO] 
[2026-02-02 15:58:13] [SUCCESS] [2026-02-02 15:58:12] Copied: Screenshot 2026-02-02 155810.png -> Screenshot 2026-02-02 155810.png
[2026-02-02 16:01:23] [SUCCESS] [2026-02-02 16:01:23] Copied: Screenshot 2026-02-02 160119.png -> Screenshot 2026-02-02 160119.png
[2026-02-02 16:06:44] [SUCCESS] [2026-02-02 16:06:44] Copied: Screenshot 2026-02-02 160643.png -> Screenshot 2026-02-02 160643.png
[2026-02-03 08:24:09] [INFO] ========================================
[2026-02-03 08:24:09] [INFO]   Screenshot Auto Backup v4.0
[2026-02-03 08:24:09] [INFO] ========================================
[2026-02-03 08:24:09] [INFO] Source: C:\Users\21518\Pictures\Screenshots
[2026-02-03 08:24:09] [INFO] Target: C:\Users\21518\Desktop\lysh\scripts\..\screenshot
[2026-02-03 08:24:09] [INFO] Mode: Real-time FileSystemWatcher
[2026-02-03 08:24:09] [INFO] 
[2026-02-03 08:24:09] [INFO] [Init] Creating FileSystemWatcher...
[2026-02-03 08:24:09] [SUCCESS] [Running] Monitoring started. Waiting for new screenshots...
[2026-02-03 08:24:09] [INFO] [Running] Press Ctrl+C to stop
[2026-02-03 08:24:09] [INFO] 
[2026-02-03 10:34:18] [INFO] ========================================
[2026-02-03 10:34:19] [INFO]   Screenshot Auto Backup v4.0
[2026-02-03 10:34:19] [INFO] ========================================
[2026-02-03 10:34:19] [INFO] Source: C:\Users\21518\Pictures\Screenshots
[2026-02-03 10:34:19] [INFO] Target: C:\Users\21518\Desktop\lysh\scripts\..\screenshot
[2026-02-03 10:34:19] [INFO] Mode: Real-time FileSystemWatcher
[2026-02-03 10:34:19] [INFO] 
[2026-02-03 10:34:19] [INFO] [Init] Creating FileSystemWatcher...
[2026-02-03 10:34:19] [SUCCESS] [Running] Monitoring started. Waiting for new screenshots...
[2026-02-03 10:34:19] [INFO] [Running] Press Ctrl+C to stop
[2026-02-03 10:34:19] [INFO] 
[2026-02-05 13:37:56] [INFO] ========================================
[2026-02-05 13:37:56] [INFO]   Screenshot Auto Backup v4.0
[2026-02-05 13:37:56] [INFO] ========================================
[2026-02-05 13:37:56] [INFO] Source: C:\Users\21518\Pictures\Screenshots
[2026-02-05 13:37:56] [INFO] Target: C:\Users\21518\Desktop\lysh\scripts\..\screenshot
[2026-02-05 13:37:56] [INFO] Mode: Real-time FileSystemWatcher
[2026-02-05 13:37:56] [INFO] 
[2026-02-05 13:37:56] [SUCCESS] [Init] Created target folder
[2026-02-05 13:37:56] [INFO] [Init] Creating FileSystemWatcher...
[2026-02-05 13:37:56] [SUCCESS] [Running] Monitoring started. Waiting for new screenshots...
[2026-02-05 13:37:56] [INFO] [Running] Press Ctrl+C to stop
[2026-02-05 13:37:56] [INFO] 
[2026-02-06 15:04:15] [INFO] ========================================
[2026-02-06 15:04:15] [INFO]   Screenshot Auto Backup v4.0
[2026-02-06 15:04:15] [INFO] ========================================
[2026-02-06 15:04:15] [INFO] Source: C:\Users\21518\Pictures\Screenshots
[2026-02-06 15:04:15] [INFO] Target: C:\Users\21518\Desktop\lysh\scripts\..\screenshot
[2026-02-06 15:04:15] [INFO] Mode: Real-time FileSystemWatcher
[2026-02-06 15:04:15] [INFO] 
[2026-02-06 15:04:15] [INFO] [Init] Creating FileSystemWatcher...
[2026-02-06 15:04:15] [SUCCESS] [Running] Monitoring started. Waiting for new screenshots...
[2026-02-06 15:04:15] [INFO] [Running] Press Ctrl+C to stop
[2026-02-06 15:04:15] [INFO] 
[2026-02-07 02:18:28] [SUCCESS] [2026-02-07 02:18:28] Copied: Screenshot 2026-02-07 021825.png -> Screenshot 2026-02-07 021825.png
[2026-02-07 02:39:45] [INFO] ========================================
[2026-02-07 02:39:45] [INFO]   Screenshot Auto Backup v4.0
[2026-02-07 02:39:45] [INFO] ========================================
[2026-02-07 02:39:45] [INFO] Source: C:\Users\21518\Pictures\Screenshots
[2026-02-07 02:39:45] [INFO] Target: C:\Users\21518\Desktop\lysh\scripts\..\screenshot
[2026-02-07 02:39:45] [INFO] Mode: Real-time FileSystemWatcher
[2026-02-07 02:39:45] [INFO] 
[2026-02-07 02:39:45] [INFO] [Init] Creating FileSystemWatcher...
[2026-02-07 02:39:45] [SUCCESS] [Running] Monitoring started. Waiting for new screenshots...
[2026-02-07 02:39:45] [INFO] [Running] Press Ctrl+C to stop
[2026-02-07 02:39:45] [INFO] 
[2026-02-07 15:26:40] [INFO] ========================================
[2026-02-07 15:26:40] [INFO]   Screenshot Auto Backup v4.0
[2026-02-07 15:26:40] [INFO] ========================================
[2026-02-07 15:26:40] [INFO] Source: C:\Users\21518\Pictures\Screenshots
[2026-02-07 15:26:40] [INFO] Target: C:\Users\21518\Desktop\lysh\scripts\..\screenshot
[2026-02-07 15:26:40] [INFO] Mode: Real-time FileSystemWatcher
[2026-02-07 15:26:40] [INFO] 
[2026-02-07 15:26:40] [INFO] [Init] Creating FileSystemWatcher...
[2026-02-07 15:26:40] [SUCCESS] [Running] Monitoring started. Waiting for new screenshots...
[2026-02-07 15:26:40] [INFO] [Running] Press Ctrl+C to stop
[2026-02-07 15:26:40] [INFO] 
[2026-02-08 07:04:51] [INFO] ========================================
[2026-02-08 07:04:51] [INFO]   Screenshot Auto Backup v4.0
[2026-02-08 07:04:51] [INFO] ========================================
[2026-02-08 07:04:51] [INFO] Source: C:\Users\21518\Pictures\Screenshots
[2026-02-08 07:04:51] [INFO] Target: C:\Users\21518\Desktop\lysh\scripts\..\screenshot
[2026-02-08 07:04:51] [INFO] Mode: Real-time FileSystemWatcher
[2026-02-08 07:04:51] [INFO] 
[2026-02-08 07:04:51] [INFO] [Init] Creating FileSystemWatcher...
[2026-02-08 07:04:51] [SUCCESS] [Running] Monitoring started. Waiting for new screenshots...
[2026-02-08 07:04:51] [INFO] [Running] Press Ctrl+C to stop
[2026-02-08 07:04:51] [INFO] 
[2026-02-09 20:40:48] [INFO] ========================================
[2026-02-09 20:40:48] [INFO]   Screenshot Auto Backup v4.0
[2026-02-09 20:40:48] [INFO] ========================================
[2026-02-09 20:40:48] [INFO] Source: C:\Users\21518\Pictures\Screenshots
[2026-02-09 20:40:48] [INFO] Target: C:\Users\21518\Desktop\lysh\scripts\..\screenshot
[2026-02-09 20:40:48] [INFO] Mode: Real-time FileSystemWatcher
[2026-02-09 20:40:48] [INFO] 
[2026-02-09 20:40:48] [INFO] [Init] Creating FileSystemWatcher...
[2026-02-09 20:40:48] [SUCCESS] [Running] Monitoring started. Waiting for new screenshots...
[2026-02-09 20:40:48] [INFO] [Running] Press Ctrl+C to stop
[2026-02-09 20:40:48] [INFO] 
[2026-02-10 15:17:44] [INFO] ========================================
[2026-02-10 15:17:44] [INFO]   Screenshot Auto Backup v4.0
[2026-02-10 15:17:44] [INFO] ========================================
[2026-02-10 15:17:44] [INFO] Source: C:\Users\21518\Pictures\Screenshots
[2026-02-10 15:17:44] [INFO] Target: C:\Users\21518\Desktop\lysh\scripts\..\screenshot
[2026-02-10 15:17:44] [INFO] Mode: Real-time FileSystemWatcher
[2026-02-10 15:17:44] [INFO] 
[2026-02-10 15:17:44] [INFO] [Init] Creating FileSystemWatcher...
[2026-02-10 15:17:44] [SUCCESS] [Running] Monitoring started. Waiting for new screenshots...
[2026-02-10 15:17:44] [INFO] [Running] Press Ctrl+C to stop
[2026-02-10 15:17:44] [INFO] 
[2026-02-11 17:29:53] [INFO] ========================================
[2026-02-11 17:29:53] [INFO]   Screenshot Auto Backup v4.0
[2026-02-11 17:29:53] [INFO] ========================================
[2026-02-11 17:29:53] [INFO] Source: C:\Users\21518\Pictures\Screenshots
[2026-02-11 17:29:53] [INFO] Target: C:\Users\21518\Desktop\lysh\scripts\..\screenshot
[2026-02-11 17:29:53] [INFO] Mode: Real-time FileSystemWatcher
[2026-02-11 17:29:53] [INFO] 
[2026-02-11 17:29:53] [INFO] [Init] Creating FileSystemWatcher...
[2026-02-11 17:29:53] [SUCCESS] [Running] Monitoring started. Waiting for new screenshots...
[2026-02-11 17:29:53] [INFO] [Running] Press Ctrl+C to stop
[2026-02-11 17:29:53] [INFO] 
[2026-02-12 02:08:01] [INFO] ========================================
[2026-02-12 02:08:01] [INFO]   Screenshot Auto Backup v4.0
[2026-02-12 02:08:01] [INFO] ========================================
[2026-02-12 02:08:01] [INFO] Source: C:\Users\21518\Pictures\Screenshots
[2026-02-12 02:08:01] [INFO] Target: C:\Users\21518\Desktop\lysh\scripts\..\screenshot
[2026-02-12 02:08:01] [INFO] Mode: Real-time FileSystemWatcher
[2026-02-12 02:08:01] [INFO] 
[2026-02-12 02:08:01] [INFO] [Init] Creating FileSystemWatcher...
[2026-02-12 02:08:01] [SUCCESS] [Running] Monitoring started. Waiting for new screenshots...
[2026-02-12 02:08:01] [INFO] [Running] Press Ctrl+C to stop
[2026-02-12 02:08:01] [INFO] 
[2026-02-12 02:35:47] [INFO] ========================================
[2026-02-12 02:35:47] [INFO]   Screenshot Auto Backup v4.0
[2026-02-12 02:35:47] [INFO] ========================================
[2026-02-12 02:35:47] [INFO] Source: C:\Users\21518\Pictures\Screenshots
[2026-02-12 02:35:47] [INFO] Target: C:\Users\21518\Desktop\lysh\scripts\..\screenshot
[2026-02-12 02:35:47] [INFO] Mode: Real-time FileSystemWatcher
[2026-02-12 02:35:47] [INFO] 
[2026-02-12 02:35:47] [INFO] [Init] Creating FileSystemWatcher...
[2026-02-12 02:35:47] [SUCCESS] [Running] Monitoring started. Waiting for new screenshots...
[2026-02-12 02:35:47] [INFO] [Running] Press Ctrl+C to stop
[2026-02-12 02:35:47] [INFO] 
[2026-02-12 16:34:21] [INFO] ========================================
[2026-02-12 16:34:21] [INFO]   Screenshot Auto Backup v4.0
[2026-02-12 16:34:21] [INFO] ========================================
[2026-02-12 16:34:21] [INFO] Source: C:\Users\21518\Pictures\Screenshots
[2026-02-12 16:34:21] [INFO] Target: C:\Users\21518\Desktop\lysh\scripts\..\screenshot
[2026-02-12 16:34:21] [INFO] Mode: Real-time FileSystemWatcher
[2026-02-12 16:34:21] [INFO] 
[2026-02-12 16:34:21] [INFO] [Init] Creating FileSystemWatcher...
[2026-02-12 16:34:21] [SUCCESS] [Running] Monitoring started. Waiting for new screenshots...
[2026-02-12 16:34:21] [INFO] [Running] Press Ctrl+C to stop
[2026-02-12 16:34:21] [INFO] 
[2026-02-12 16:40:12] [SUCCESS] [2026-02-12 16:40:12] Copied: Screenshot 2026-02-12 164007.png -> Screenshot 2026-02-12 164007.png
[2026-02-12 19:15:25] [SUCCESS] [2026-02-12 19:15:25] Copied: Screenshot 2026-02-12 191520.png -> Screenshot 2026-02-12 191520.png
[2026-02-12 19:38:18] [SUCCESS] [2026-02-12 19:38:17] Copied: Screenshot 2026-02-12 193813.png -> Screenshot 2026-02-12 193813.png
[2026-02-12 20:52:11] [SUCCESS] [2026-02-12 20:52:11] Copied: Screenshot 2026-02-12 205207.png -> Screenshot 2026-02-12 205207.png
[2026-02-13 01:09:25] [SUCCESS] [2026-02-13 01:09:24] Copied: Screenshot 2026-02-13 010919.png -> Screenshot 2026-02-13 010919.png
[2026-02-13 01:25:33] [INFO] ========================================
[2026-02-13 01:25:33] [INFO]   Screenshot Auto Backup v4.0
[2026-02-13 01:25:33] [INFO] ========================================
[2026-02-13 01:25:33] [INFO] Source: C:\Users\21518\Pictures\Screenshots
[2026-02-13 01:25:33] [INFO] Target: C:\Users\21518\Desktop\lysh\scripts\..\screenshot
[2026-02-13 01:25:33] [INFO] Mode: Real-time FileSystemWatcher
[2026-02-13 01:25:33] [INFO] 
[2026-02-13 01:25:33] [INFO] [Init] Creating FileSystemWatcher...
[2026-02-13 01:25:33] [SUCCESS] [Running] Monitoring started. Waiting for new screenshots...
[2026-02-13 01:25:33] [INFO] [Running] Press Ctrl+C to stop
[2026-02-13 01:25:33] [INFO] 
[2026-02-13 02:21:59] [INFO] ========================================
[2026-02-13 02:21:59] [INFO]   Screenshot Auto Backup v4.0
[2026-02-13 02:21:59] [INFO] ========================================
[2026-02-13 02:21:59] [INFO] Source: C:\Users\21518\Pictures\Screenshots
[2026-02-13 02:21:59] [INFO] Target: C:\Users\21518\Desktop\lysh\scripts\..\screenshot
[2026-02-13 02:21:59] [INFO] Mode: Real-time FileSystemWatcher
[2026-02-13 02:21:59] [INFO] 
[2026-02-13 02:21:59] [INFO] [Init] Creating FileSystemWatcher...
[2026-02-13 02:21:59] [SUCCESS] [Running] Monitoring started. Waiting for new screenshots...
[2026-02-13 02:21:59] [INFO] [Running] Press Ctrl+C to stop
[2026-02-13 02:21:59] [INFO] 
[2026-02-13 02:28:36] [SUCCESS] [2026-02-13 02:28:36] Copied: Screenshot 2026-02-13 022835.png -> Screenshot 2026-02-13 022835.png
[2026-02-13 15:33:09] [INFO] ========================================
[2026-02-13 15:33:09] [INFO]   Screenshot Auto Backup v4.0
[2026-02-13 15:33:09] [INFO] ========================================
[2026-02-13 15:33:09] [INFO] Source: C:\Users\21518\Pictures\Screenshots
[2026-02-13 15:33:09] [INFO] Target: C:\Users\21518\Desktop\lysh\scripts\..\screenshot
[2026-02-13 15:33:09] [INFO] Mode: Real-time FileSystemWatcher
[2026-02-13 15:33:09] [INFO] 
[2026-02-13 15:33:09] [INFO] [Init] Creating FileSystemWatcher...
[2026-02-13 15:33:09] [SUCCESS] [Running] Monitoring started. Waiting for new screenshots...
[2026-02-13 15:33:09] [INFO] [Running] Press Ctrl+C to stop
[2026-02-13 15:33:09] [INFO] 
[2026-02-13 18:58:53] [ERROR] [2026-02-13 18:58:52] Error copying Screenshot 2026-02-13 185852.png: 未能找到路径“C:\Users\21518\Desktop\lysh\screenshot\Screenshot 2026-02-13 185852.png”的一部分。
[2026-02-13 19:03:34] [SUCCESS] [2026-02-13 19:03:33] Copied: Screenshot 2026-02-13 190329.png -> Screenshot 2026-02-13 190329.png
[2026-02-13 19:57:16] [SUCCESS] [2026-02-13 19:57:15] Copied: Screenshot 2026-02-13 195714.png -> Screenshot 2026-02-13 195714.png
[2026-02-15 13:54:07] [INFO] ========================================
[2026-02-15 13:54:07] [INFO]   Screenshot Auto Backup v4.0
[2026-02-15 13:54:07] [INFO] ========================================
[2026-02-15 13:54:07] [INFO] Source: C:\Users\21518\Pictures\Screenshots
[2026-02-15 13:54:07] [INFO] Target: C:\Users\21518\Desktop\lysh\scripts\..\screenshot
[2026-02-15 13:54:07] [INFO] Mode: Real-time FileSystemWatcher
[2026-02-15 13:54:07] [INFO] 
[2026-02-15 13:54:07] [INFO] [Init] Creating FileSystemWatcher...
[2026-02-15 13:54:07] [SUCCESS] [Running] Monitoring started. Waiting for new screenshots...
[2026-02-15 13:54:07] [INFO] [Running] Press Ctrl+C to stop
[2026-02-15 13:54:07] [INFO] 
[2026-02-16 17:42:26] [INFO] ========================================
[2026-02-16 17:42:26] [INFO]   Screenshot Auto Backup v4.0
[2026-02-16 17:42:26] [INFO] ========================================
[2026-02-16 17:42:26] [INFO] Source: C:\Users\21518\Pictures\Screenshots
[2026-02-16 17:42:26] [INFO] Target: C:\Users\21518\Desktop\lysh\scripts\..\screenshot
[2026-02-16 17:42:26] [INFO] Mode: Real-time FileSystemWatcher
[2026-02-16 17:42:26] [INFO] 
[2026-02-16 17:42:26] [INFO] [Init] Creating FileSystemWatcher...
[2026-02-16 17:42:26] [SUCCESS] [Running] Monitoring started. Waiting for new screenshots...
[2026-02-16 17:42:26] [INFO] [Running] Press Ctrl+C to stop
[2026-02-16 17:42:26] [INFO] 
[2026-02-17 15:56:05] [INFO] ========================================
[2026-02-17 15:56:05] [INFO]   Screenshot Auto Backup v4.0
[2026-02-17 15:56:05] [INFO] ========================================
[2026-02-17 15:56:05] [INFO] Source: C:\Users\21518\Pictures\Screenshots
[2026-02-17 15:56:05] [INFO] Target: C:\Users\21518\Desktop\lysh\scripts\..\screenshot
[2026-02-17 15:56:05] [INFO] Mode: Real-time FileSystemWatcher
[2026-02-17 15:56:05] [INFO] 
[2026-02-17 15:56:05] [INFO] [Init] Creating FileSystemWatcher...
[2026-02-17 15:56:05] [SUCCESS] [Running] Monitoring started. Waiting for new screenshots...
[2026-02-17 15:56:05] [INFO] [Running] Press Ctrl+C to stop
[2026-02-17 15:56:05] [INFO] 
[2026-02-18 19:14:24] [INFO] ========================================
[2026-02-18 19:14:24] [INFO]   Screenshot Auto Backup v4.0
[2026-02-18 19:14:24] [INFO] ========================================
[2026-02-18 19:14:24] [INFO] Source: C:\Users\21518\Pictures\Screenshots
[2026-02-18 19:14:24] [INFO] Target: C:\Users\21518\Desktop\lysh\scripts\..\screenshot
[2026-02-18 19:14:24] [INFO] Mode: Real-time FileSystemWatcher
[2026-02-18 19:14:24] [INFO] 
[2026-02-18 19:14:24] [INFO] [Init] Creating FileSystemWatcher...
[2026-02-18 19:14:24] [SUCCESS] [Running] Monitoring started. Waiting for new screenshots...
[2026-02-18 19:14:24] [INFO] [Running] Press Ctrl+C to stop
[2026-02-18 19:14:24] [INFO] 
[2026-02-18 19:20:43] [SUCCESS] [2026-02-18 19:20:43] Copied: Screenshot 2026-02-18 192038.png -> Screenshot 2026-02-18 192038.png
[2026-02-19 03:56:39] [SUCCESS] [2026-02-19 03:56:38] Copied: Screenshot 2026-02-19 035636.png -> Screenshot 2026-02-19 035636.png
[2026-02-19 04:08:10] [SUCCESS] [2026-02-19 04:08:10] Copied: Screenshot 2026-02-19 040809.png -> Screenshot 2026-02-19 040809.png
[2026-02-19 04:10:31] [SUCCESS] [2026-02-19 04:10:30] Copied: Screenshot 2026-02-19 041029.png -> Screenshot 2026-02-19 041029.png
[2026-02-19 04:16:37] [SUCCESS] [2026-02-19 04:16:36] Copied: Screenshot 2026-02-19 041633.png -> Screenshot 2026-02-19 041633.png
[2026-02-19 04:25:48] [SUCCESS] [2026-02-19 04:25:48] Copied: Screenshot 2026-02-19 042546.png -> Screenshot 2026-02-19 042546.png
[2026-02-19 04:34:20] [SUCCESS] [2026-02-19 04:34:19] Copied: Screenshot 2026-02-19 043418.png -> Screenshot 2026-02-19 043418.png
[2026-02-19 04:49:16] [SUCCESS] [2026-02-19 04:49:16] Copied: Screenshot 2026-02-19 044912.png -> Screenshot 2026-02-19 044912.png
[2026-02-19 20:01:11] [INFO] ========================================
[2026-02-19 20:01:11] [INFO]   Screenshot Auto Backup v4.0
[2026-02-19 20:01:11] [INFO] ========================================
[2026-02-19 20:01:11] [INFO] Source: C:\Users\21518\Pictures\Screenshots
[2026-02-19 20:01:11] [INFO] Target: C:\Users\21518\Desktop\lysh\scripts\..\screenshot
[2026-02-19 20:01:11] [INFO] Mode: Real-time FileSystemWatcher
[2026-02-19 20:01:11] [INFO] 
[2026-02-19 20:01:11] [INFO] [Init] Creating FileSystemWatcher...
[2026-02-19 20:01:11] [SUCCESS] [Running] Monitoring started. Waiting for new screenshots...
[2026-02-19 20:01:11] [INFO] [Running] Press Ctrl+C to stop
[2026-02-19 20:01:11] [INFO] 
[2026-02-20 18:54:18] [INFO] ========================================
[2026-02-20 18:54:18] [INFO]   Screenshot Auto Backup v4.0
[2026-02-20 18:54:18] [INFO] ========================================
[2026-02-20 18:54:18] [INFO] Source: C:\Users\21518\Pictures\Screenshots
[2026-02-20 18:54:18] [INFO] Target: C:\Users\21518\Desktop\lysh\scripts\..\screenshot
[2026-02-20 18:54:18] [INFO] Mode: Real-time FileSystemWatcher
[2026-02-20 18:54:18] [INFO] 
[2026-02-20 18:54:18] [INFO] [Init] Creating FileSystemWatcher...
[2026-02-20 18:54:18] [SUCCESS] [Running] Monitoring started. Waiting for new screenshots...
[2026-02-20 18:54:18] [INFO] [Running] Press Ctrl+C to stop
[2026-02-20 18:54:18] [INFO] 
[2026-02-20 22:20:53] [SUCCESS] [2026-02-20 22:20:53] Copied: Screenshot 2026-02-20 222049.png -> Screenshot 2026-02-20 222049.png
[2026-02-20 22:21:19] [SUCCESS] [2026-02-20 22:21:18] Copied: Screenshot 2026-02-20 222114.png -> Screenshot 2026-02-20 222114.png
[2026-02-20 22:38:00] [SUCCESS] [2026-02-20 22:38:00] Copied: Screenshot 2026-02-20 223757.png -> Screenshot 2026-02-20 223757.png
[2026-02-20 22:45:57] [SUCCESS] [2026-02-20 22:45:56] Copied: Screenshot 2026-02-20 224552.png -> Screenshot 2026-02-20 224552.png
[2026-02-20 23:38:36] [SUCCESS] [2026-02-20 23:38:36] Copied: Screenshot 2026-02-20 233833.png -> Screenshot 2026-02-20 233833.png
[2026-02-20 23:59:34] [SUCCESS] [2026-02-20 23:59:33] Copied: Screenshot 2026-02-20 235931.png -> Screenshot 2026-02-20 235931.png
[2026-02-21 00:00:14] [SUCCESS] [2026-02-21 00:00:14] Copied: Screenshot 2026-02-21 000013.png -> Screenshot 2026-02-21 000013.png
[2026-02-21 00:18:41] [SUCCESS] [2026-02-21 00:18:40] Copied: Screenshot 2026-02-21 001837.png -> Screenshot 2026-02-21 001837.png
[2026-02-21 00:18:51] [SUCCESS] [2026-02-21 00:18:51] Copied: Screenshot 2026-02-21 001849.png -> Screenshot 2026-02-21 001849.png
